pnpm : FAIL src/course/course.controller.spec.ts
At line:1 char:1
+ pnpm jest src/course/course.controller.spec.ts --no-cache > 
test_outp ...
+ ~~~~~~~~~~~~~~~~~~~~~~~~~~~~~~~~~~~~~~~~~~~~~~~~~~~~~~~~~~~~~~
~~~~~~~
    + CategoryInfo          : NotSpecified: (FAIL src/course... 
   troller.spec.ts:String) [], RemoteException
    + FullyQualifiedErrorId : NativeCommandError
 
  CourseController
    ├ù should be defined (17 ms)

  ΓùÅ CourseController ΓÇ║ should be defined

    Nest can't resolve dependencies of the AuthGuard (?). 
Please make sure that the argument JwtService at index [0] is 
available in the RootTestModule context.

    Potential solutions:
    - Is RootTestModule a valid NestJS module?
    - If JwtService is a provider, is it part of the current 
RootTestModule?
    - If JwtService is exported from a separate @Module, is 
that module imported within RootTestModule?
      @Module({
        imports: [ /* the Module containing JwtService */ ]
      })

    For more common dependency resolution issues, see: 
https://docs.nestjs.com/faq/common-errors

    [0m [90m  7 |[39m
     [90m  8 |[39m   beforeEach([36masync[39m () 
[33m=>[39m {
    [31m[1m>[22m[39m[90m  9 |[39m     [36mconst[39m 
module[33m:[39m [33mTestingModule[39m [33m=[39m 
[36mawait[39m [33mTest[39m[33m.[39mcreateTestingModule({
     [90m    |[39m                                   
[31m[1m^[22m[39m
     [90m 10 |[39m       controllers[33m:[39m 
[[33mCourseController[39m][33m,[39m
     [90m 11 |[39m       providers[33m:[39m [
     [90m 12 |[39m         {[0m

      at TestingInjector.lookupComponentInParentModules (../node
_modules/.pnpm/@nestjs+core@11.1.14_@nestjs+common@11.1.14_class
-transformer@0.5.1_class-validator@0.15.1_re_6eimofxnw6hcwpq7uqn
uycrsgq/node_modules/@nestjs/core/injector/injector.js:290:19)
      at TestingInjector.resolveComponentWrapper (../node_module
s/.pnpm/@nestjs+testing@11.1.14_@nestjs+common@11.1.14_class-tra
nsformer@0.5.1_class-validator@0.15.1_rmd5rgwofm2i2i4pc7atg2zcei
/node_modules/@nestjs/testing/testing-injector.js:19:45)
      at resolveParam (../node_modules/.pnpm/@nestjs+core@11.1.1
4_@nestjs+common@11.1.14_class-transformer@0.5.1_class-validator
@0.15.1_re_6eimofxnw6hcwpq7uqnuycrsgq/node_modules/@nestjs/core/
injector/injector.js:140:38)
          at async Promise.all (index 0)
      at TestingInjector.resolveConstructorParams (../node_modul
es/.pnpm/@nestjs+core@11.1.14_@nestjs+common@11.1.14_class-trans
former@0.5.1_class-validator@0.15.1_re_6eimofxnw6hcwpq7uqnuycrsg
q/node_modules/@nestjs/core/injector/injector.js:169:27)
      at TestingInjector.loadInstance (../node_modules/.pnpm/@ne
stjs+core@11.1.14_@nestjs+common@11.1.14_class-transformer@0.5.1
_class-validator@0.15.1_re_6eimofxnw6hcwpq7uqnuycrsgq/node_modul
es/@nestjs/core/injector/injector.js:75:13)
      at TestingInjector.loadInjectable (../node_modules/.pnpm/@
nestjs+core@11.1.14_@nestjs+common@11.1.14_class-transformer@0.5
.1_class-validator@0.15.1_re_6eimofxnw6hcwpq7uqnuycrsgq/node_mod
ules/@nestjs/core/injector/injector.js:99:9)
      at ../node_modules/.pnpm/@nestjs+core@11.1.14_@nestjs+comm
on@11.1.14_class-transformer@0.5.1_class-validator@0.15.1_re_6ei
mofxnw6hcwpq7uqnuycrsgq/node_modules/@nestjs/core/injector/insta
nce-loader.js:80:13
          at async Promise.all (index 0)
      at TestingInstanceLoader.createInstancesOfInjectables (../
node_modules/.pnpm/@nestjs+core@11.1.14_@nestjs+common@11.1.14_c
lass-transformer@0.5.1_class-validator@0.15.1_re_6eimofxnw6hcwpq
7uqnuycrsgq/node_modules/@nestjs/core/injector/instance-loader.j
s:79:9)
      at ../node_modules/.pnpm/@nestjs+core@11.1.14_@nestjs+comm
on@11.1.14_class-transformer@0.5.1_class-validator@0.15.1_re_6ei
mofxnw6hcwpq7uqnuycrsgq/node_modules/@nestjs/core/injector/insta
nce-loader.js:41:13
          at async Promise.all (index 1)
      at TestingInstanceLoader.createInstances (../node_modules/
.pnpm/@nestjs+core@11.1.14_@nestjs+common@11.1.14_class-transfor
mer@0.5.1_class-validator@0.15.1_re_6eimofxnw6hcwpq7uqnuycrsgq/n
ode_modules/@nestjs/core/injector/instance-loader.js:39:9)
      at TestingInstanceLoader.createInstancesOfDependencies (..
/node_modules/.pnpm/@nestjs+core@11.1.14_@nestjs+common@11.1.14_
class-transformer@0.5.1_class-validator@0.15.1_re_6eimofxnw6hcwp
q7uqnuycrsgq/node_modules/@nestjs/core/injector/instance-loader.
js:22:13)
      at TestingInstanceLoader.createInstancesOfDependencies (..
/node_modules/.pnpm/@nestjs+testing@11.1.14_@nestjs+common@11.1.
14_class-transformer@0.5.1_class-validator@0.15.1_rmd5rgwofm2i2i
4pc7atg2zcei/node_modules/@nestjs/testing/testing-instance-loade
r.js:9:9)
      at TestingModuleBuilder.createInstancesOfDependencies (../
node_modules/.pnpm/@nestjs+testing@11.1.14_@nestjs+common@11.1.1
4_class-transformer@0.5.1_class-validator@0.15.1_rmd5rgwofm2i2i4
pc7atg2zcei/node_modules/@nestjs/testing/testing-module.builder.
js:118:9)
      at TestingModuleBuilder.compile (../node_modules/.pnpm/@ne
stjs+testing@11.1.14_@nestjs+common@11.1.14_class-transformer@0.
5.1_class-validator@0.15.1_rmd5rgwofm2i2i4pc7atg2zcei/node_modul
es/@nestjs/testing/testing-module.builder.js:74:9)
      at Object.<anonymous> 
(course/course.controller.spec.ts:9:35)

Test Suites: 1 failed, 1 total
Tests:       1 failed, 1 total
Snapshots:   0 total
Time:        4.821 s
Ran all test suites matching 
src/course/course.controller.spec.ts.
